/mnt/model/lcw/triton-ascend/third_party/ascend/tutorials/mrope/mrope.py:666: UserWarning: Cannot create tensor with interal format while allow_internel_format=False, tensor will be created with base format. (Triggered internally at ../torch_npu/csrc/aten/common/TensorFactories.cpp:340.)
  query_out = torch.empty_like(query)
[PASS] 001/060 public case_id=custom/mrope_1 positions=[1] query=[1, 3584] cache=[2048, 128] rotary_mode=half cache_mode=default section=[0, 0, 0] mismatch=0 mare=0.000000e+00 max_diff=0.000000e+00
[PASS] 002/060 public case_id=custom/mrope_2 positions=[3, 1] query=[1, 4096] cache=[2048, 128] rotary_mode=half cache_mode=default section=[16, 24, 24] mismatch=0 mare=0.000000e+00 max_diff=0.000000e+00
[PASS] 003/060 public case_id=custom/mrope_3 positions=[3, 1] query=[1, 5120] cache=[2048, 128] rotary_mode=interleaved cache_mode=default section=[24, 20, 20] mismatch=0 mare=0.000000e+00 max_diff=0.000000e+00
[PASS] 004/060 public case_id=custom/mrope_4 positions=[4, 1] query=[1, 8192] cache=[2048, 128] rotary_mode=half cache_mode=default section=[16, 16, 16, 16] mismatch=0 mare=0.000000e+00 max_diff=0.000000e+00
[PASS] 005/060 public case_id=custom/mrope_5 positions=[3, 8] query=[8, 3584] cache=[2048, 64] rotary_mode=half cache_mode=interleave section=[8, 12, 12] mismatch=0 mare=0.000000e+00 max_diff=0.000000e+00
[PASS] 006/060 public case_id=custom/mrope_6 positions=[8] query=[8, 4096] cache=[2048, 128] rotary_mode=half cache_mode=default section=[0, 0, 0] mismatch=0 mare=0.000000e+00 max_diff=0.000000e+00
[PASS] 007/060 public case_id=custom/mrope_7 positions=[3, 8] query=[8, 5120] cache=[2048, 128] rotary_mode=half cache_mode=default section=[16, 24, 24] mismatch=0 mare=0.000000e+00 max_diff=0.000000e+00
[PASS] 008/060 public case_id=custom/mrope_8 positions=[3, 8] query=[8, 8192] cache=[2048, 128] rotary_mode=interleaved cache_mode=default section=[24, 20, 20] mismatch=0 mare=0.000000e+00 max_diff=0.000000e+00
[PASS] 009/060 public case_id=custom/mrope_9 positions=[4, 16] query=[16, 3584] cache=[2048, 128] rotary_mode=half cache_mode=default section=[16, 16, 16, 16] mismatch=0 mare=0.000000e+00 max_diff=0.000000e+00
[PASS] 010/060 public case_id=custom/mrope_10 positions=[3, 16] query=[16, 4096] cache=[2048, 64] rotary_mode=half cache_mode=interleave section=[8, 12, 12] mismatch=0 mare=0.000000e+00 max_diff=0.000000e+00
[PASS] 011/060 public case_id=custom/mrope_11 positions=[16] query=[16, 5120] cache=[2048, 128] rotary_mode=half cache_mode=default section=[0, 0, 0] mismatch=0 mare=0.000000e+00 max_diff=0.000000e+00
[PASS] 012/060 public case_id=custom/mrope_12 positions=[3, 16] query=[16, 8192] cache=[2048, 128] rotary_mode=half cache_mode=default section=[16, 24, 24] mismatch=0 mare=0.000000e+00 max_diff=0.000000e+00
[PASS] 013/060 public case_id=custom/mrope_13 positions=[3, 32] query=[32, 3584] cache=[2048, 128] rotary_mode=interleaved cache_mode=default section=[24, 20, 20] mismatch=0 mare=0.000000e+00 max_diff=0.000000e+00
[PASS] 014/060 public case_id=custom/mrope_14 positions=[4, 32] query=[32, 4096] cache=[2048, 128] rotary_mode=half cache_mode=default section=[16, 16, 16, 16] mismatch=0 mare=0.000000e+00 max_diff=0.000000e+00
[PASS] 015/060 public case_id=custom/mrope_15 positions=[3, 32] query=[32, 5120] cache=[2048, 64] rotary_mode=half cache_mode=interleave section=[8, 12, 12] mismatch=0 mare=0.000000e+00 max_diff=0.000000e+00
[PASS] 016/060 public case_id=custom/mrope_16 positions=[32] query=[32, 8192] cache=[2048, 128] rotary_mode=half cache_mode=default section=[0, 0, 0] mismatch=0 mare=0.000000e+00 max_diff=0.000000e+00
[PASS] 017/060 public case_id=custom/mrope_17 positions=[3, 64] query=[64, 3584] cache=[2048, 128] rotary_mode=half cache_mode=default section=[16, 24, 24] mismatch=0 mare=0.000000e+00 max_diff=0.000000e+00
[PASS] 018/060 public case_id=custom/mrope_18 positions=[3, 64] query=[64, 4096] cache=[2048, 128] rotary_mode=interleaved cache_mode=default section=[24, 20, 20] mismatch=0 mare=0.000000e+00 max_diff=0.000000e+00
[PASS] 019/060 public case_id=custom/mrope_19 positions=[4, 64] query=[64, 5120] cache=[2048, 128] rotary_mode=half cache_mode=default section=[16, 16, 16, 16] mismatch=0 mare=0.000000e+00 max_diff=0.000000e+00
[PASS] 020/060 public case_id=custom/mrope_20 positions=[3, 64] query=[64, 8192] cache=[2048, 64] rotary_mode=half cache_mode=interleave section=[8, 12, 12] mismatch=0 mare=0.000000e+00 max_diff=0.000000e+00
[PASS] 021/060 random_generalization case_id=custom/mrope_random_001 positions=[5] query=[5, 8192] cache=[256, 128] rotary_mode=half cache_mode=default section=[0, 0, 0] mismatch=0 mare=0.000000e+00 max_diff=0.000000e+00
[PASS] 022/060 random_generalization case_id=custom/mrope_random_002 positions=[4, 5] query=[5, 8192] cache=[256, 128] rotary_mode=half cache_mode=default section=[16, 16, 16, 16] mismatch=0 mare=0.000000e+00 max_diff=0.000000e+00
[PASS] 023/060 random_generalization case_id=custom/mrope_random_003 positions=[3, 3] query=[3, 2048] cache=[256, 128] rotary_mode=interleaved cache_mode=default section=[24, 20, 20] mismatch=0 mare=0.000000e+00 max_diff=0.000000e+00
[PASS] 024/060 random_generalization case_id=custom/mrope_random_004 positions=[3, 64] query=[64, 1024] cache=[256, 128] rotary_mode=interleaved cache_mode=default section=[24, 20, 20] mismatch=0 mare=0.000000e+00 max_diff=0.000000e+00
[PASS] 025/060 random_generalization case_id=custom/mrope_random_005 positions=[3, 2] query=[2, 5120] cache=[256, 128] rotary_mode=interleaved cache_mode=default section=[24, 20, 20] mismatch=0 mare=0.000000e+00 max_diff=0.000000e+00
[PASS] 026/060 random_generalization case_id=custom/mrope_random_006 positions=[4, 3] query=[3, 8192] cache=[1024, 128] rotary_mode=half cache_mode=default section=[16, 16, 16, 16] mismatch=0 mare=0.000000e+00 max_diff=0.000000e+00
[PASS] 027/060 random_generalization case_id=custom/mrope_random_007 positions=[3, 1] query=[1, 1024] cache=[512, 64] rotary_mode=half cache_mode=interleave section=[8, 12, 12] mismatch=0 mare=0.000000e+00 max_diff=0.000000e+00
[PASS] 028/060 random_generalization case_id=custom/mrope_random_008 positions=[3, 64] query=[64, 512] cache=[512, 128] rotary_mode=interleaved cache_mode=default section=[24, 20, 20] mismatch=0 mare=0.000000e+00 max_diff=0.000000e+00
[PASS] 029/060 random_generalization case_id=custom/mrope_random_009 positions=[4, 3] query=[3, 1024] cache=[2048, 128] rotary_mode=half cache_mode=default section=[16, 16, 16, 16] mismatch=0 mare=0.000000e+00 max_diff=0.000000e+00
[PASS] 030/060 random_generalization case_id=custom/mrope_random_010 positions=[4, 7] query=[7, 8192] cache=[2048, 128] rotary_mode=half cache_mode=default section=[16, 16, 16, 16] mismatch=0 mare=0.000000e+00 max_diff=0.000000e+00
[PASS] 031/060 random_generalization case_id=custom/mrope_random_011 positions=[3, 17] query=[17, 512] cache=[2048, 128] rotary_mode=half cache_mode=default section=[16, 24, 24] mismatch=0 mare=0.000000e+00 max_diff=0.000000e+00
[PASS] 032/060 random_generalization case_id=custom/mrope_random_012 positions=[3, 17] query=[17, 1024] cache=[256, 128] rotary_mode=half cache_mode=default section=[16, 24, 24] mismatch=0 mare=0.000000e+00 max_diff=0.000000e+00
[PASS] 033/060 random_generalization case_id=custom/mrope_random_013 positions=[3, 7] query=[7, 512] cache=[1024, 128] rotary_mode=half cache_mode=default section=[16, 24, 24] mismatch=0 mare=0.000000e+00 max_diff=0.000000e+00
[PASS] 034/060 random_generalization case_id=custom/mrope_random_014 positions=[3, 2] query=[2, 512] cache=[1024, 128] rotary_mode=half cache_mode=default section=[16, 24, 24] mismatch=0 mare=0.000000e+00 max_diff=0.000000e+00
[PASS] 035/060 random_generalization case_id=custom/mrope_random_015 positions=[3, 1] query=[1, 4096] cache=[2048, 64] rotary_mode=half cache_mode=interleave section=[8, 12, 12] mismatch=0 mare=0.000000e+00 max_diff=0.000000e+00
[PASS] 036/060 random_generalization case_id=custom/mrope_random_016 positions=[3, 1] query=[1, 512] cache=[2048, 64] rotary_mode=half cache_mode=interleave section=[8, 12, 12] mismatch=0 mare=0.000000e+00 max_diff=0.000000e+00
[PASS] 037/060 random_generalization case_id=custom/mrope_random_017 positions=[4, 8] query=[8, 4096] cache=[1024, 128] rotary_mode=half cache_mode=default section=[16, 16, 16, 16] mismatch=0 mare=0.000000e+00 max_diff=0.000000e+00
[PASS] 038/060 random_generalization case_id=custom/mrope_random_018 positions=[33] query=[33, 2048] cache=[2048, 128] rotary_mode=half cache_mode=default section=[0, 0, 0] mismatch=0 mare=0.000000e+00 max_diff=0.000000e+00
[PASS] 039/060 random_generalization case_id=custom/mrope_random_019 positions=[3, 3] query=[3, 3584] cache=[1024, 64] rotary_mode=half cache_mode=interleave section=[8, 12, 12] mismatch=0 mare=0.000000e+00 max_diff=0.000000e+00
[PASS] 040/060 random_generalization case_id=custom/mrope_random_020 positions=[3, 64] query=[64, 512] cache=[1024, 128] rotary_mode=interleaved cache_mode=default section=[24, 20, 20] mismatch=0 mare=0.000000e+00 max_diff=0.000000e+00
[PASS] 041/060 random_generalization case_id=custom/mrope_random_021 positions=[3, 64] query=[64, 2048] cache=[512, 64] rotary_mode=half cache_mode=interleave section=[8, 12, 12] mismatch=0 mare=0.000000e+00 max_diff=0.000000e+00
[PASS] 042/060 random_generalization case_id=custom/mrope_random_022 positions=[3, 64] query=[64, 1024] cache=[2048, 64] rotary_mode=half cache_mode=interleave section=[8, 12, 12] mismatch=0 mare=0.000000e+00 max_diff=0.000000e+00
[PASS] 043/060 random_generalization case_id=custom/mrope_random_023 positions=[3, 2] query=[2, 1024] cache=[512, 128] rotary_mode=interleaved cache_mode=default section=[24, 20, 20] mismatch=0 mare=0.000000e+00 max_diff=0.000000e+00
[PASS] 044/060 random_generalization case_id=custom/mrope_random_024 positions=[3, 31] query=[31, 4096] cache=[2048, 64] rotary_mode=half cache_mode=interleave section=[8, 12, 12] mismatch=0 mare=0.000000e+00 max_diff=0.000000e+00
[PASS] 045/060 random_generalization case_id=custom/mrope_random_025 positions=[31] query=[31, 2048] cache=[512, 128] rotary_mode=half cache_mode=default section=[0, 0, 0] mismatch=0 mare=0.000000e+00 max_diff=0.000000e+00
[PASS] 046/060 random_generalization case_id=custom/mrope_random_026 positions=[33] query=[33, 512] cache=[512, 128] rotary_mode=half cache_mode=default section=[0, 0, 0] mismatch=0 mare=0.000000e+00 max_diff=0.000000e+00
[PASS] 047/060 random_generalization case_id=custom/mrope_random_027 positions=[3, 7] query=[7, 2048] cache=[512, 128] rotary_mode=half cache_mode=default section=[16, 24, 24] mismatch=0 mare=0.000000e+00 max_diff=0.000000e+00
[PASS] 048/060 random_generalization case_id=custom/mrope_random_028 positions=[8] query=[8, 512] cache=[1024, 128] rotary_mode=half cache_mode=default section=[0, 0, 0] mismatch=0 mare=0.000000e+00 max_diff=0.000000e+00
[PASS] 049/060 random_generalization case_id=custom/mrope_random_029 positions=[3, 64] query=[64, 1024] cache=[512, 128] rotary_mode=interleaved cache_mode=default section=[24, 20, 20] mismatch=0 mare=0.000000e+00 max_diff=0.000000e+00
[PASS] 050/060 random_generalization case_id=custom/mrope_random_030 positions=[31] query=[31, 3584] cache=[1024, 128] rotary_mode=half cache_mode=default section=[0, 0, 0] mismatch=0 mare=0.000000e+00 max_diff=0.000000e+00
[PASS] 051/060 random_generalization case_id=custom/mrope_random_031 positions=[64] query=[64, 4096] cache=[2048, 128] rotary_mode=half cache_mode=default section=[0, 0, 0] mismatch=0 mare=0.000000e+00 max_diff=0.000000e+00
[PASS] 052/060 random_generalization case_id=custom/mrope_random_032 positions=[3, 3] query=[3, 5120] cache=[512, 64] rotary_mode=half cache_mode=interleave section=[8, 12, 12] mismatch=0 mare=0.000000e+00 max_diff=0.000000e+00
[PASS] 053/060 random_generalization case_id=custom/mrope_random_033 positions=[3, 31] query=[31, 8192] cache=[1024, 128] rotary_mode=interleaved cache_mode=default section=[24, 20, 20] mismatch=0 mare=0.000000e+00 max_diff=0.000000e+00
[PASS] 054/060 random_generalization case_id=custom/mrope_random_034 positions=[3, 7] query=[7, 512] cache=[1024, 64] rotary_mode=half cache_mode=interleave section=[8, 12, 12] mismatch=0 mare=0.000000e+00 max_diff=0.000000e+00
[PASS] 055/060 random_generalization case_id=custom/mrope_random_035 positions=[4, 3] query=[3, 5120] cache=[512, 128] rotary_mode=half cache_mode=default section=[16, 16, 16, 16] mismatch=0 mare=0.000000e+00 max_diff=0.000000e+00
[PASS] 056/060 random_generalization case_id=custom/mrope_random_036 positions=[3, 31] query=[31, 3584] cache=[1024, 128] rotary_mode=half cache_mode=default section=[16, 24, 24] mismatch=0 mare=0.000000e+00 max_diff=0.000000e+00
[PASS] 057/060 random_generalization case_id=custom/mrope_random_037 positions=[3, 5] query=[5, 512] cache=[256, 128] rotary_mode=interleaved cache_mode=default section=[24, 20, 20] mismatch=0 mare=0.000000e+00 max_diff=0.000000e+00
[PASS] 058/060 random_generalization case_id=custom/mrope_random_038 positions=[3, 1] query=[1, 5120] cache=[1024, 128] rotary_mode=interleaved cache_mode=default section=[24, 20, 20] mismatch=0 mare=0.000000e+00 max_diff=0.000000e+00
[PASS] 059/060 random_generalization case_id=custom/mrope_random_039 positions=[17] query=[17, 2048] cache=[512, 128] rotary_mode=half cache_mode=default section=[0, 0, 0] mismatch=0 mare=0.000000e+00 max_diff=0.000000e+00
[PASS] 060/060 random_generalization case_id=custom/mrope_random_040 positions=[4, 64] query=[64, 2048] cache=[2048, 128] rotary_mode=half cache_mode=default section=[16, 16, 16, 16] mismatch=0 mare=0.000000e+00 max_diff=0.000000e+00
SUMMARY status=PASS total=60 passed=60 failed=0 public=20 random=40 max_diff=0.000000e+00 max_mare=0.000000e+00 mismatch=0
