run_id: eval_20260612_155910
status: PERF_REGRESSION
correct/total/failed: 80 80 0
overall geomean speedup: 8.269903861606247
min speedup: 0.48507462686567165
mean latency us: 56.786125
median latency us: 15.55
p95 latency us: 225.16599999999977
accuracy threshold: 0.0078125
accuracy failed: 0
max MARE: 0.007812499609375021
max diff: 0.015625

task_npu_baseline
  n 21
  geomean_speedup 3.356044756270969
  mean_speedup 5.218322732625236
  min_speedup 0.48507462686567165
  max_speedup 21.716638513513512
pytorch_fallback
  n 59
  geomean_speedup 11.400119243334245
  mean_speedup 17.89928830021203
  min_speedup 1.8701171875
  max_speedup 63.32599118942731

generalization audit: manual_generalization_audit_40_fixed_20260612_155512 passed 40/40 passed
