/mnt/model/lcw/triton-ascend/third_party/ascend/tutorials/add_rms_norm/add_rms_norm.py:220: UserWarning: Cannot create tensor with interal format while allow_internel_format=False, tensor will be created with base format. (Triggered internally at ../torch_npu/csrc/aten/common/TensorFactories.cpp:340.)
  y = torch.empty_like(x1)
[PASS] 001/080 public shape=(1, 1, 3584) MERE=1.722e-06 MARE=6.173e-03 max_diff=3.906e-03
[PASS] 002/080 public shape=(1, 1, 4096) MERE=0.000e+00 MARE=0.000e+00 max_diff=0.000e+00
[PASS] 003/080 public shape=(1, 1, 5120) MERE=0.000e+00 MARE=0.000e+00 max_diff=0.000e+00
[PASS] 004/080 public shape=(1, 1, 8192) MERE=0.000e+00 MARE=0.000e+00 max_diff=0.000e+00
[PASS] 005/080 public shape=(8, 1, 3584) MERE=0.000e+00 MARE=0.000e+00 max_diff=0.000e+00
[PASS] 006/080 public shape=(8, 1, 4096) MERE=2.261e-07 MARE=7.407e-03 max_diff=3.906e-03
[PASS] 007/080 public shape=(8, 1, 5120) MERE=0.000e+00 MARE=0.000e+00 max_diff=0.000e+00
[PASS] 008/080 public shape=(8, 1, 8192) MERE=0.000e+00 MARE=0.000e+00 max_diff=0.000e+00
[PASS] 009/080 public shape=(16, 1, 3584) MERE=1.993e-07 MARE=5.714e-03 max_diff=3.906e-03
[PASS] 010/080 public shape=(16, 1, 4096) MERE=0.000e+00 MARE=0.000e+00 max_diff=0.000e+00
[PASS] 011/080 public shape=(16, 1, 5120) MERE=0.000e+00 MARE=0.000e+00 max_diff=0.000e+00
[PASS] 012/080 public shape=(16, 1, 8192) MERE=3.516e-08 MARE=4.608e-03 max_diff=3.906e-03
[PASS] 013/080 public shape=(32, 1, 3584) MERE=0.000e+00 MARE=0.000e+00 max_diff=0.000e+00
[PASS] 014/080 public shape=(32, 1, 4096) MERE=0.000e+00 MARE=0.000e+00 max_diff=0.000e+00
[PASS] 015/080 public shape=(32, 1, 5120) MERE=1.138e-07 MARE=6.993e-03 max_diff=3.906e-03
[PASS] 016/080 public shape=(32, 1, 8192) MERE=0.000e+00 MARE=0.000e+00 max_diff=0.000e+00
[PASS] 017/080 public shape=(64, 1, 3584) MERE=9.141e-08 MARE=7.634e-03 max_diff=3.906e-03
[PASS] 018/080 public shape=(64, 1, 4096) MERE=0.000e+00 MARE=0.000e+00 max_diff=0.000e+00
[PASS] 019/080 public shape=(64, 1, 5120) MERE=1.333e-08 MARE=4.367e-03 max_diff=7.812e-03
[PASS] 020/080 public shape=(64, 1, 8192) MERE=0.000e+00 MARE=0.000e+00 max_diff=0.000e+00
[PASS] 021/080 public shape=(1, 8, 3584) MERE=1.970e-07 MARE=5.650e-03 max_diff=3.906e-03
[PASS] 022/080 public shape=(1, 8, 4096) MERE=0.000e+00 MARE=0.000e+00 max_diff=0.000e+00
[PASS] 023/080 public shape=(1, 8, 5120) MERE=1.252e-07 MARE=5.128e-03 max_diff=9.766e-04
[PASS] 024/080 public shape=(1, 8, 8192) MERE=0.000e+00 MARE=0.000e+00 max_diff=0.000e+00
[PASS] 025/080 public shape=(8, 8, 3584) MERE=1.137e-07 MARE=6.711e-03 max_diff=1.562e-02
[PASS] 026/080 public shape=(8, 8, 4096) MERE=0.000e+00 MARE=0.000e+00 max_diff=0.000e+00
[PASS] 027/080 public shape=(8, 8, 5120) MERE=8.254e-08 MARE=7.692e-03 max_diff=1.562e-02
[PASS] 028/080 public shape=(8, 8, 8192) MERE=1.156e-08 MARE=6.061e-03 max_diff=7.812e-03
[PASS] 029/080 public shape=(16, 8, 3584) MERE=7.986e-08 MARE=6.579e-03 max_diff=7.812e-03
[PASS] 030/080 public shape=(16, 8, 4096) MERE=9.126e-09 MARE=4.785e-03 max_diff=7.812e-03
[PASS] 031/080 public shape=(16, 8, 5120) MERE=1.746e-08 MARE=6.098e-03 max_diff=3.906e-03
[PASS] 032/080 public shape=(16, 8, 8192) MERE=1.004e-08 MARE=5.263e-03 max_diff=7.812e-03
[PASS] 033/080 public shape=(32, 8, 3584) MERE=1.533e-08 MARE=7.353e-03 max_diff=1.562e-02
[PASS] 034/080 public shape=(32, 8, 4096) MERE=8.994e-09 MARE=5.025e-03 max_diff=3.906e-03
[PASS] 035/080 public shape=(32, 8, 5120) MERE=3.442e-08 MARE=6.849e-03 max_diff=1.562e-02
[PASS] 036/080 public shape=(32, 8, 8192) MERE=1.815e-08 MARE=7.194e-03 max_diff=7.812e-03
[PASS] 037/080 public shape=(64, 8, 3584) MERE=5.581e-08 MARE=7.576e-03 max_diff=1.562e-02
[PASS] 038/080 public shape=(64, 8, 4096) MERE=9.026e-09 MARE=5.495e-03 max_diff=3.906e-03
[PASS] 039/080 public shape=(64, 8, 5120) MERE=3.302e-08 MARE=7.576e-03 max_diff=7.812e-03
[PASS] 040/080 public shape=(64, 8, 8192) MERE=1.476e-08 MARE=6.711e-03 max_diff=1.562e-02
[PASS] 041/080 public shape=(1, 32, 3584) MERE=2.673e-07 MARE=6.452e-03 max_diff=7.812e-03
[PASS] 042/080 public shape=(1, 32, 4096) MERE=9.591e-08 MARE=6.757e-03 max_diff=7.812e-03
[PASS] 043/080 public shape=(1, 32, 5120) MERE=3.722e-08 MARE=6.098e-03 max_diff=7.812e-03
[PASS] 044/080 public shape=(1, 32, 8192) MERE=0.000e+00 MARE=0.000e+00 max_diff=0.000e+00
[PASS] 045/080 public shape=(8, 32, 3584) MERE=4.041e-08 MARE=6.369e-03 max_diff=3.906e-03
[PASS] 046/080 public shape=(8, 32, 4096) MERE=9.012e-09 MARE=5.025e-03 max_diff=3.906e-03
[PASS] 047/080 public shape=(8, 32, 5120) MERE=8.057e-09 MARE=5.405e-03 max_diff=1.953e-03
[PASS] 048/080 public shape=(8, 32, 8192) MERE=6.422e-09 MARE=4.878e-03 max_diff=3.906e-03
[PASS] 049/080 public shape=(16, 32, 3584) MERE=4.570e-08 MARE=7.752e-03 max_diff=1.562e-02
[PASS] 050/080 public shape=(16, 32, 4096) MERE=8.440e-09 MARE=7.634e-03 max_diff=7.812e-03
[PASS] 051/080 public shape=(16, 32, 5120) MERE=2.045e-08 MARE=6.494e-03 max_diff=3.906e-03
[PASS] 052/080 public shape=(16, 32, 8192) MERE=1.665e-08 MARE=7.463e-03 max_diff=7.812e-03
[PASS] 053/080 public shape=(32, 32, 3584) MERE=3.978e-08 MARE=7.812e-03 max_diff=7.812e-03
[PASS] 054/080 public shape=(32, 32, 4096) MERE=4.559e-09 MARE=6.135e-03 max_diff=3.906e-03
[PASS] 055/080 public shape=(32, 32, 5120) MERE=4.074e-08 MARE=7.752e-03 max_diff=1.562e-02
[PASS] 056/080 public shape=(32, 32, 8192) MERE=2.516e-08 MARE=7.576e-03 max_diff=1.562e-02
[PASS] 057/080 public shape=(64, 32, 3584) MERE=3.219e-08 MARE=7.576e-03 max_diff=1.562e-02
[PASS] 058/080 public shape=(64, 32, 4096) MERE=8.855e-09 MARE=7.519e-03 max_diff=1.562e-02
[PASS] 059/080 public shape=(64, 32, 5120) MERE=3.158e-08 MARE=7.812e-03 max_diff=1.562e-02
[PASS] 060/080 public shape=(64, 32, 8192) MERE=1.127e-08 MARE=7.634e-03 max_diff=7.812e-03
[PASS] 061/080 public shape=(1, 128, 3584) MERE=5.091e-08 MARE=6.944e-03 max_diff=7.812e-03
[PASS] 062/080 public shape=(1, 128, 4096) MERE=3.893e-08 MARE=6.803e-03 max_diff=7.812e-03
[PASS] 063/080 public shape=(1, 128, 5120) MERE=1.528e-08 MARE=5.208e-03 max_diff=7.812e-03
[PASS] 064/080 public shape=(1, 128, 8192) MERE=6.153e-09 MARE=6.452e-03 max_diff=1.562e-02
[PASS] 065/080 public shape=(8, 128, 3584) MERE=4.863e-08 MARE=7.752e-03 max_diff=1.562e-02
[PASS] 066/080 public shape=(8, 128, 4096) MERE=1.116e-08 MARE=5.181e-03 max_diff=3.906e-03
[PASS] 067/080 public shape=(8, 128, 5120) MERE=3.414e-08 MARE=7.519e-03 max_diff=1.562e-02
[PASS] 068/080 public shape=(8, 128, 8192) MERE=1.872e-08 MARE=7.246e-03 max_diff=1.562e-02
[PASS] 069/080 public shape=(16, 128, 3584) MERE=5.496e-08 MARE=7.576e-03 max_diff=1.562e-02
[PASS] 070/080 public shape=(16, 128, 4096) MERE=8.415e-09 MARE=7.812e-03 max_diff=1.562e-02
[PASS] 071/080 public shape=(16, 128, 5120) MERE=3.111e-08 MARE=7.692e-03 max_diff=1.562e-02
[PASS] 072/080 public shape=(16, 128, 8192) MERE=1.802e-08 MARE=7.752e-03 max_diff=1.562e-02
[PASS] 073/080 public shape=(32, 128, 3584) MERE=4.027e-08 MARE=7.752e-03 max_diff=1.562e-02
[PASS] 074/080 public shape=(32, 128, 4096) MERE=1.298e-08 MARE=6.757e-03 max_diff=7.812e-03
[PASS] 075/080 public shape=(32, 128, 5120) MERE=3.213e-08 MARE=7.812e-03 max_diff=1.562e-02
[PASS] 076/080 public shape=(32, 128, 8192) MERE=1.036e-08 MARE=7.812e-03 max_diff=1.562e-02
[PASS] 077/080 public shape=(64, 128, 3584) MERE=4.165e-08 MARE=7.812e-03 max_diff=1.562e-02
[PASS] 078/080 public shape=(64, 128, 4096) MERE=1.358e-08 MARE=7.634e-03 max_diff=1.562e-02
[PASS] 079/080 public shape=(64, 128, 5120) MERE=3.333e-08 MARE=7.812e-03 max_diff=1.562e-02
[PASS] 080/080 public shape=(64, 128, 8192) MERE=1.386e-08 MARE=7.812e-03 max_diff=1.562e-02
SUMMARY passed=80 threshold=0.00781250 max_mere=1.722e-06 max_mare=7.812e-03 max_diff=1.562e-02
LATENCY wall_clock_us_geomean=128.955 min=74.629 max=687.426
