date=2026-06-12 19:36:15 CST
ASCEND_RT_VISIBLE_DEVICES=7
ASCEND_VISIBLE_DEVICES=7
ASCEND_DEVICE_ID=0
command=/mnt/model/lcw/SLAI-Ascend-OpForge/.venv/bin/python3 validate_add_rms_norm.py --public --benchmark --warmup 3 --repeat 5
/mnt/model/lcw/triton-ascend/third_party/ascend/tutorials/add_rms_norm/add_rms_norm.py:220: UserWarning: Cannot create tensor with interal format while allow_internel_format=False, tensor will be created with base format. (Triggered internally at ../torch_npu/csrc/aten/common/TensorFactories.cpp:340.)
  y = torch.empty_like(x1)
[PASS] 001/080 public shape=(1, 1, 3584) MERE=1.722e-06 MARE=6.173e-03 max_diff=3.906e-03 triton=107.837 us torch=135.750 us speedup_vs_torch=1.258847x torch_npu=29.323 us speedup_vs_torch_npu=0.271924x torch_npu_accuracy=PASS
[PASS] 002/080 public shape=(1, 1, 4096) MERE=0.000e+00 MARE=0.000e+00 max_diff=0.000e+00 triton=86.814 us torch=145.912 us speedup_vs_torch=1.680752x torch_npu=30.067 us speedup_vs_torch_npu=0.346342x torch_npu_accuracy=PASS
[PASS] 003/080 public shape=(1, 1, 5120) MERE=0.000e+00 MARE=0.000e+00 max_diff=0.000e+00 triton=150.339 us torch=143.268 us speedup_vs_torch=0.952971x torch_npu=27.721 us speedup_vs_torch_npu=0.184392x torch_npu_accuracy=PASS
[PASS] 004/080 public shape=(1, 1, 8192) MERE=0.000e+00 MARE=0.000e+00 max_diff=0.000e+00 triton=138.634 us torch=137.102 us speedup_vs_torch=0.988949x torch_npu=27.169 us speedup_vs_torch_npu=0.195976x torch_npu_accuracy=PASS
[PASS] 005/080 public shape=(8, 1, 3584) MERE=0.000e+00 MARE=0.000e+00 max_diff=0.000e+00 triton=80.671 us torch=148.114 us speedup_vs_torch=1.836020x torch_npu=30.145 us speedup_vs_torch_npu=0.373679x torch_npu_accuracy=FAIL
[PASS] 006/080 public shape=(8, 1, 4096) MERE=2.261e-07 MARE=7.407e-03 max_diff=3.906e-03 triton=76.725 us torch=144.428 us speedup_vs_torch=1.882406x torch_npu=29.317 us speedup_vs_torch_npu=0.382109x torch_npu_accuracy=PASS
[PASS] 007/080 public shape=(8, 1, 5120) MERE=0.000e+00 MARE=0.000e+00 max_diff=0.000e+00 triton=144.120 us torch=169.085 us speedup_vs_torch=1.173225x torch_npu=52.628 us speedup_vs_torch_npu=0.365171x torch_npu_accuracy=PASS
[PASS] 008/080 public shape=(8, 1, 8192) MERE=0.000e+00 MARE=0.000e+00 max_diff=0.000e+00 triton=179.998 us torch=154.603 us speedup_vs_torch=0.858915x torch_npu=42.754 us speedup_vs_torch_npu=0.237524x torch_npu_accuracy=PASS
[PASS] 009/080 public shape=(16, 1, 3584) MERE=1.993e-07 MARE=5.714e-03 max_diff=3.906e-03 triton=77.317 us torch=207.043 us speedup_vs_torch=2.677834x torch_npu=43.130 us speedup_vs_torch_npu=0.557831x torch_npu_accuracy=PASS
[PASS] 010/080 public shape=(16, 1, 4096) MERE=0.000e+00 MARE=0.000e+00 max_diff=0.000e+00 triton=82.396 us torch=137.886 us speedup_vs_torch=1.673464x torch_npu=38.818 us speedup_vs_torch_npu=0.471113x torch_npu_accuracy=PASS
[PASS] 011/080 public shape=(16, 1, 5120) MERE=0.000e+00 MARE=0.000e+00 max_diff=0.000e+00 triton=162.359 us torch=168.527 us speedup_vs_torch=1.037992x torch_npu=42.132 us speedup_vs_torch_npu=0.259498x torch_npu_accuracy=PASS
[PASS] 012/080 public shape=(16, 1, 8192) MERE=3.516e-08 MARE=4.608e-03 max_diff=3.906e-03 triton=144.852 us torch=146.646 us speedup_vs_torch=1.012386x torch_npu=53.688 us speedup_vs_torch_npu=0.370643x torch_npu_accuracy=PASS
[PASS] 013/080 public shape=(32, 1, 3584) MERE=0.000e+00 MARE=0.000e+00 max_diff=0.000e+00 triton=83.630 us torch=138.432 us speedup_vs_torch=1.655299x torch_npu=53.998 us speedup_vs_torch_npu=0.645685x torch_npu_accuracy=FAIL
[PASS] 014/080 public shape=(32, 1, 4096) MERE=0.000e+00 MARE=0.000e+00 max_diff=0.000e+00 triton=99.580 us torch=147.362 us speedup_vs_torch=1.479836x torch_npu=52.360 us speedup_vs_torch_npu=0.525809x torch_npu_accuracy=FAIL
[PASS] 015/080 public shape=(32, 1, 5120) MERE=1.138e-07 MARE=6.993e-03 max_diff=3.906e-03 triton=165.435 us torch=132.518 us speedup_vs_torch=0.801025x torch_npu=53.236 us speedup_vs_torch_npu=0.321795x torch_npu_accuracy=PASS
[PASS] 016/080 public shape=(32, 1, 8192) MERE=0.000e+00 MARE=0.000e+00 max_diff=0.000e+00 triton=132.924 us torch=186.844 us speedup_vs_torch=1.405650x torch_npu=75.921 us speedup_vs_torch_npu=0.571165x torch_npu_accuracy=PASS
[PASS] 017/080 public shape=(64, 1, 3584) MERE=9.141e-08 MARE=7.634e-03 max_diff=3.906e-03 triton=79.405 us torch=134.912 us speedup_vs_torch=1.699025x torch_npu=68.939 us speedup_vs_torch_npu=0.868189x torch_npu_accuracy=FAIL
[PASS] 018/080 public shape=(64, 1, 4096) MERE=0.000e+00 MARE=0.000e+00 max_diff=0.000e+00 triton=77.169 us torch=139.164 us speedup_vs_torch=1.803360x torch_npu=76.471 us speedup_vs_torch_npu=0.990952x torch_npu_accuracy=FAIL
[PASS] 019/080 public shape=(64, 1, 5120) MERE=1.333e-08 MARE=4.367e-03 max_diff=7.812e-03 triton=220.140 us torch=133.694 us speedup_vs_torch=0.607314x torch_npu=86.376 us speedup_vs_torch_npu=0.392368x torch_npu_accuracy=PASS
[PASS] 020/080 public shape=(64, 1, 8192) MERE=0.000e+00 MARE=0.000e+00 max_diff=0.000e+00 triton=134.390 us torch=140.112 us speedup_vs_torch=1.042579x torch_npu=141.018 us speedup_vs_torch_npu=1.049321x torch_npu_accuracy=PASS
[PASS] 021/080 public shape=(1, 8, 3584) MERE=1.970e-07 MARE=5.650e-03 max_diff=3.906e-03 triton=206.205 us torch=164.825 us speedup_vs_torch=0.799327x torch_npu=26.471 us speedup_vs_torch_npu=0.128372x torch_npu_accuracy=PASS
[PASS] 022/080 public shape=(1, 8, 4096) MERE=0.000e+00 MARE=0.000e+00 max_diff=0.000e+00 triton=76.831 us torch=136.164 us speedup_vs_torch=1.772243x torch_npu=26.803 us speedup_vs_torch_npu=0.348857x torch_npu_accuracy=PASS
[PASS] 023/080 public shape=(1, 8, 5120) MERE=1.252e-07 MARE=5.128e-03 max_diff=9.766e-04 triton=146.200 us torch=137.476 us speedup_vs_torch=0.940326x torch_npu=33.238 us speedup_vs_torch_npu=0.227343x torch_npu_accuracy=PASS
[PASS] 024/080 public shape=(1, 8, 8192) MERE=0.000e+00 MARE=0.000e+00 max_diff=0.000e+00 triton=182.432 us torch=168.599 us speedup_vs_torch=0.924177x torch_npu=55.636 us speedup_vs_torch_npu=0.304971x torch_npu_accuracy=PASS
[PASS] 025/080 public shape=(8, 8, 3584) MERE=1.137e-07 MARE=6.711e-03 max_diff=1.562e-02 triton=85.594 us torch=178.004 us speedup_vs_torch=2.079635x torch_npu=132.620 us speedup_vs_torch_npu=1.549409x torch_npu_accuracy=PASS
[PASS] 026/080 public shape=(8, 8, 4096) MERE=0.000e+00 MARE=0.000e+00 max_diff=0.000e+00 triton=86.408 us torch=154.381 us speedup_vs_torch=1.786653x torch_npu=73.869 us speedup_vs_torch_npu=0.854891x torch_npu_accuracy=PASS
[PASS] 027/080 public shape=(8, 8, 5120) MERE=8.254e-08 MARE=7.692e-03 max_diff=1.562e-02 triton=151.537 us torch=156.937 us speedup_vs_torch=1.035636x torch_npu=83.318 us speedup_vs_torch_npu=0.549818x torch_npu_accuracy=PASS
[PASS] 028/080 public shape=(8, 8, 8192) MERE=1.156e-08 MARE=6.061e-03 max_diff=7.812e-03 triton=153.473 us torch=161.563 us speedup_vs_torch=1.052715x torch_npu=137.616 us speedup_vs_torch_npu=0.896680x torch_npu_accuracy=PASS
[PASS] 029/080 public shape=(16, 8, 3584) MERE=7.986e-08 MARE=6.579e-03 max_diff=7.812e-03 triton=81.456 us torch=132.308 us speedup_vs_torch=1.624296x torch_npu=120.091 us speedup_vs_torch_npu=1.474316x torch_npu_accuracy=FAIL
[PASS] 030/080 public shape=(16, 8, 4096) MERE=9.126e-09 MARE=4.785e-03 max_diff=7.812e-03 triton=87.404 us torch=137.378 us speedup_vs_torch=1.571763x torch_npu=139.854 us speedup_vs_torch_npu=1.600091x torch_npu_accuracy=PASS
[PASS] 031/080 public shape=(16, 8, 5120) MERE=1.746e-08 MARE=6.098e-03 max_diff=3.906e-03 triton=141.832 us torch=139.522 us speedup_vs_torch=0.983712x torch_npu=170.561 us speedup_vs_torch_npu=1.202559x torch_npu_accuracy=PASS
[PASS] 032/080 public shape=(16, 8, 8192) MERE=1.004e-08 MARE=5.263e-03 max_diff=7.812e-03 triton=141.314 us torch=130.098 us speedup_vs_torch=0.920626x torch_npu=261.859 us speedup_vs_torch_npu=1.853029x torch_npu_accuracy=PASS
[PASS] 033/080 public shape=(32, 8, 3584) MERE=1.533e-08 MARE=7.353e-03 max_diff=1.562e-02 triton=88.884 us torch=147.599 us speedup_vs_torch=1.660579x torch_npu=230.612 us speedup_vs_torch_npu=2.594535x torch_npu_accuracy=FAIL
[PASS] 034/080 public shape=(32, 8, 4096) MERE=8.994e-09 MARE=5.025e-03 max_diff=3.906e-03 triton=83.228 us torch=149.304 us speedup_vs_torch=1.793930x torch_npu=264.018 us speedup_vs_torch_npu=3.172238x torch_npu_accuracy=PASS
[PASS] 035/080 public shape=(32, 8, 5120) MERE=3.442e-08 MARE=6.849e-03 max_diff=1.562e-02 triton=139.120 us torch=135.680 us speedup_vs_torch=0.975272x torch_npu=305.223 us speedup_vs_torch_npu=2.193958x torch_npu_accuracy=PASS
[PASS] 036/080 public shape=(32, 8, 8192) MERE=1.815e-08 MARE=7.194e-03 max_diff=7.812e-03 triton=156.285 us torch=195.101 us speedup_vs_torch=1.248366x torch_npu=511.996 us speedup_vs_torch_npu=3.276046x torch_npu_accuracy=PASS
[PASS] 037/080 public shape=(64, 8, 3584) MERE=5.581e-08 MARE=7.576e-03 max_diff=1.562e-02 triton=84.992 us torch=182.826 us speedup_vs_torch=2.151100x torch_npu=449.798 us speedup_vs_torch_npu=5.292246x torch_npu_accuracy=FAIL
[PASS] 038/080 public shape=(64, 8, 4096) MERE=9.026e-09 MARE=5.495e-03 max_diff=3.906e-03 triton=111.083 us torch=181.128 us speedup_vs_torch=1.630566x torch_npu=515.199 us speedup_vs_torch_npu=4.637971x torch_npu_accuracy=FAIL
[PASS] 039/080 public shape=(64, 8, 5120) MERE=3.302e-08 MARE=7.576e-03 max_diff=7.812e-03 triton=180.314 us torch=166.443 us speedup_vs_torch=0.923075x torch_npu=583.457 us speedup_vs_torch_npu=3.235788x torch_npu_accuracy=PASS
[PASS] 040/080 public shape=(64, 8, 8192) MERE=1.476e-08 MARE=6.711e-03 max_diff=1.562e-02 triton=168.329 us torch=205.347 us speedup_vs_torch=1.219912x torch_npu=926.400 us speedup_vs_torch_npu=5.503498x torch_npu_accuracy=PASS
[PASS] 041/080 public shape=(1, 32, 3584) MERE=2.673e-07 MARE=6.452e-03 max_diff=7.812e-03 triton=88.560 us torch=174.108 us speedup_vs_torch=1.965988x torch_npu=40.048 us speedup_vs_torch_npu=0.452212x torch_npu_accuracy=FAIL
[PASS] 042/080 public shape=(1, 32, 4096) MERE=9.591e-08 MARE=6.757e-03 max_diff=7.812e-03 triton=83.744 us torch=160.393 us speedup_vs_torch=1.915287x torch_npu=45.992 us speedup_vs_torch_npu=0.549201x torch_npu_accuracy=FAIL
[PASS] 043/080 public shape=(1, 32, 5120) MERE=3.722e-08 MARE=6.098e-03 max_diff=7.812e-03 triton=163.547 us torch=182.634 us speedup_vs_torch=1.116705x torch_npu=48.880 us speedup_vs_torch_npu=0.298874x torch_npu_accuracy=FAIL
[PASS] 044/080 public shape=(1, 32, 8192) MERE=0.000e+00 MARE=0.000e+00 max_diff=0.000e+00 triton=181.490 us torch=197.897 us speedup_vs_torch=1.090400x torch_npu=79.939 us speedup_vs_torch_npu=0.440462x torch_npu_accuracy=PASS
[PASS] 045/080 public shape=(8, 32, 3584) MERE=4.041e-08 MARE=6.369e-03 max_diff=3.906e-03 triton=116.677 us torch=228.716 us speedup_vs_torch=1.960249x torch_npu=234.694 us speedup_vs_torch_npu=2.011486x torch_npu_accuracy=FAIL
[PASS] 046/080 public shape=(8, 32, 4096) MERE=9.012e-09 MARE=5.025e-03 max_diff=3.906e-03 triton=114.279 us torch=222.630 us speedup_vs_torch=1.948124x torch_npu=269.280 us speedup_vs_torch_npu=2.356336x torch_npu_accuracy=PASS
[PASS] 047/080 public shape=(8, 32, 5120) MERE=8.057e-09 MARE=5.405e-03 max_diff=1.953e-03 triton=183.234 us torch=249.745 us speedup_vs_torch=1.362984x torch_npu=307.879 us speedup_vs_torch_npu=1.680253x torch_npu_accuracy=PASS
[PASS] 048/080 public shape=(8, 32, 8192) MERE=6.422e-09 MARE=4.878e-03 max_diff=3.906e-03 triton=162.355 us torch=200.841 us speedup_vs_torch=1.237046x torch_npu=537.086 us speedup_vs_torch_npu=3.308089x torch_npu_accuracy=PASS
[PASS] 049/080 public shape=(16, 32, 3584) MERE=4.570e-08 MARE=7.752e-03 max_diff=1.562e-02 triton=108.951 us torch=174.394 us speedup_vs_torch=1.600664x torch_npu=453.084 us speedup_vs_torch_npu=4.158610x torch_npu_accuracy=FAIL
[PASS] 050/080 public shape=(16, 32, 4096) MERE=8.440e-09 MARE=7.634e-03 max_diff=7.812e-03 triton=106.831 us torch=175.984 us speedup_vs_torch=1.647312x torch_npu=526.731 us speedup_vs_torch_npu=4.930516x torch_npu_accuracy=PASS
[PASS] 051/080 public shape=(16, 32, 5120) MERE=2.045e-08 MARE=6.494e-03 max_diff=3.906e-03 triton=167.743 us torch=178.062 us speedup_vs_torch=1.061514x torch_npu=582.545 us speedup_vs_torch_npu=3.472841x torch_npu_accuracy=PASS
[PASS] 052/080 public shape=(16, 32, 8192) MERE=1.665e-08 MARE=7.463e-03 max_diff=7.812e-03 triton=177.004 us torch=181.192 us speedup_vs_torch=1.023661x torch_npu=925.821 us speedup_vs_torch_npu=5.230512x torch_npu_accuracy=PASS
[PASS] 053/080 public shape=(32, 32, 3584) MERE=3.978e-08 MARE=7.812e-03 max_diff=7.812e-03 triton=98.576 us torch=156.241 us speedup_vs_torch=1.584975x torch_npu=916.686 us speedup_vs_torch_npu=9.299271x torch_npu_accuracy=FAIL
[PASS] 054/080 public shape=(32, 32, 4096) MERE=4.559e-09 MARE=6.135e-03 max_diff=3.906e-03 triton=266.120 us torch=142.824 us speedup_vs_torch=0.536692x torch_npu=929.895 us speedup_vs_torch_npu=3.494274x torch_npu_accuracy=PASS
[PASS] 055/080 public shape=(32, 32, 5120) MERE=4.074e-08 MARE=7.752e-03 max_diff=1.562e-02 triton=168.207 us torch=176.378 us speedup_vs_torch=1.048573x torch_npu=1152.182 us speedup_vs_torch_npu=6.849774x torch_npu_accuracy=PASS
[PASS] 056/080 public shape=(32, 32, 8192) MERE=2.516e-08 MARE=7.576e-03 max_diff=1.562e-02 triton=150.667 us torch=197.743 us speedup_vs_torch=1.312452x torch_npu=1859.437 us speedup_vs_torch_npu=12.341405x torch_npu_accuracy=PASS
[PASS] 057/080 public shape=(64, 32, 3584) MERE=3.219e-08 MARE=7.576e-03 max_diff=1.562e-02 triton=102.486 us torch=183.312 us speedup_vs_torch=1.788647x torch_npu=1615.439 us speedup_vs_torch_npu=15.762473x torch_npu_accuracy=FAIL
[PASS] 058/080 public shape=(64, 32, 4096) MERE=8.855e-09 MARE=7.519e-03 max_diff=1.562e-02 triton=103.911 us torch=268.194 us speedup_vs_torch=2.581007x torch_npu=1834.526 us speedup_vs_torch_npu=17.654860x torch_npu_accuracy=PASS
[PASS] 059/080 public shape=(64, 32, 5120) MERE=3.158e-08 MARE=7.812e-03 max_diff=1.562e-02 triton=248.539 us torch=329.802 us speedup_vs_torch=1.326966x torch_npu=2294.856 us speedup_vs_torch_npu=9.233392x torch_npu_accuracy=PASS
[PASS] 060/080 public shape=(64, 32, 8192) MERE=1.127e-08 MARE=7.634e-03 max_diff=7.812e-03 triton=178.270 us torch=605.101 us speedup_vs_torch=3.394297x torch_npu=3718.616 us speedup_vs_torch_npu=20.859490x torch_npu_accuracy=PASS
[PASS] 061/080 public shape=(1, 128, 3584) MERE=5.091e-08 MARE=6.944e-03 max_diff=7.812e-03 triton=93.378 us torch=166.195 us speedup_vs_torch=1.779809x torch_npu=123.681 us speedup_vs_torch_npu=1.324521x torch_npu_accuracy=FAIL
[PASS] 062/080 public shape=(1, 128, 4096) MERE=3.893e-08 MARE=6.803e-03 max_diff=7.812e-03 triton=89.786 us torch=286.038 us speedup_vs_torch=3.185779x torch_npu=140.276 us speedup_vs_torch_npu=1.562339x torch_npu_accuracy=FAIL
[PASS] 063/080 public shape=(1, 128, 5120) MERE=1.528e-08 MARE=5.208e-03 max_diff=7.812e-03 triton=138.340 us torch=144.466 us speedup_vs_torch=1.044286x torch_npu=172.544 us speedup_vs_torch_npu=1.247244x torch_npu_accuracy=PASS
[PASS] 064/080 public shape=(1, 128, 8192) MERE=6.153e-09 MARE=6.452e-03 max_diff=1.562e-02 triton=149.856 us torch=155.683 us speedup_vs_torch=1.038880x torch_npu=275.628 us speedup_vs_torch_npu=1.839281x torch_npu_accuracy=PASS
[PASS] 065/080 public shape=(8, 128, 3584) MERE=4.863e-08 MARE=7.752e-03 max_diff=1.562e-02 triton=114.731 us torch=172.218 us speedup_vs_torch=1.501055x torch_npu=889.221 us speedup_vs_torch_npu=7.750483x torch_npu_accuracy=FAIL
[PASS] 066/080 public shape=(8, 128, 4096) MERE=1.116e-08 MARE=5.181e-03 max_diff=3.906e-03 triton=123.125 us torch=201.543 us speedup_vs_torch=1.636891x torch_npu=924.288 us speedup_vs_torch_npu=7.506886x torch_npu_accuracy=PASS
[PASS] 067/080 public shape=(8, 128, 5120) MERE=3.414e-08 MARE=7.519e-03 max_diff=1.562e-02 triton=177.250 us torch=169.641 us speedup_vs_torch=0.957076x torch_npu=1150.990 us speedup_vs_torch_npu=6.493606x torch_npu_accuracy=PASS
[PASS] 068/080 public shape=(8, 128, 8192) MERE=1.872e-08 MARE=7.246e-03 max_diff=1.562e-02 triton=166.037 us torch=198.845 us speedup_vs_torch=1.197592x torch_npu=1837.972 us speedup_vs_torch_npu=11.069642x torch_npu_accuracy=PASS
[PASS] 069/080 public shape=(16, 128, 3584) MERE=5.496e-08 MARE=7.576e-03 max_diff=1.562e-02 triton=112.207 us torch=180.560 us speedup_vs_torch=1.609170x torch_npu=1607.954 us speedup_vs_torch_npu=14.330280x torch_npu_accuracy=FAIL
[PASS] 070/080 public shape=(16, 128, 4096) MERE=8.415e-09 MARE=7.812e-03 max_diff=1.562e-02 triton=122.333 us torch=196.495 us speedup_vs_torch=1.606225x torch_npu=1943.245 us speedup_vs_torch_npu=15.884849x torch_npu_accuracy=PASS
[PASS] 071/080 public shape=(16, 128, 5120) MERE=3.111e-08 MARE=7.692e-03 max_diff=1.562e-02 triton=181.348 us torch=268.552 us speedup_vs_torch=1.480865x torch_npu=2292.226 us speedup_vs_torch_npu=12.639946x torch_npu_accuracy=PASS
[PASS] 072/080 public shape=(16, 128, 8192) MERE=1.802e-08 MARE=7.752e-03 max_diff=1.562e-02 triton=221.254 us torch=606.097 us speedup_vs_torch=2.739375x torch_npu=3771.997 us speedup_vs_torch_npu=17.048299x torch_npu_accuracy=PASS
[PASS] 073/080 public shape=(32, 128, 3584) MERE=4.027e-08 MARE=7.752e-03 max_diff=1.562e-02 triton=153.433 us torch=509.112 us speedup_vs_torch=3.318144x torch_npu=3258.694 us speedup_vs_torch_npu=21.238567x torch_npu_accuracy=FAIL
[PASS] 074/080 public shape=(32, 128, 4096) MERE=1.298e-08 MARE=6.757e-03 max_diff=7.812e-03 triton=116.717 us torch=610.931 us speedup_vs_torch=5.234280x torch_npu=3712.898 us speedup_vs_torch_npu=31.811048x torch_npu_accuracy=PASS
[PASS] 075/080 public shape=(32, 128, 5120) MERE=3.213e-08 MARE=7.812e-03 max_diff=1.562e-02 triton=277.548 us torch=843.553 us speedup_vs_torch=3.039302x torch_npu=4640.915 us speedup_vs_torch_npu=16.721114x torch_npu_accuracy=PASS
[PASS] 076/080 public shape=(32, 128, 8192) MERE=1.036e-08 MARE=7.812e-03 max_diff=1.562e-02 triton=302.589 us torch=1737.650 us speedup_vs_torch=5.742605x torch_npu=7766.121 us speedup_vs_torch_npu=25.665566x torch_npu_accuracy=PASS
[PASS] 077/080 public shape=(64, 128, 3584) MERE=4.165e-08 MARE=7.812e-03 max_diff=1.562e-02 triton=356.431 us torch=1457.788 us speedup_vs_torch=4.089953x torch_npu=6791.369 us speedup_vs_torch_npu=19.053789x torch_npu_accuracy=FAIL
[PASS] 078/080 public shape=(64, 128, 4096) MERE=1.358e-08 MARE=7.634e-03 max_diff=1.562e-02 triton=267.538 us torch=1743.270 us speedup_vs_torch=6.515978x torch_npu=7787.438 us speedup_vs_torch_npu=29.107808x torch_npu_accuracy=PASS
[PASS] 079/080 public shape=(64, 128, 5120) MERE=3.333e-08 MARE=7.812e-03 max_diff=1.562e-02 triton=689.090 us torch=2283.240 us speedup_vs_torch=3.313412x torch_npu=10126.242 us speedup_vs_torch_npu=14.695089x torch_npu_accuracy=PASS
[PASS] 080/080 public shape=(64, 128, 8192) MERE=1.386e-08 MARE=7.812e-03 max_diff=1.562e-02 triton=723.574 us torch=3776.277 us speedup_vs_torch=5.218926x torch_npu=16184.127 us speedup_vs_torch_npu=22.366938x torch_npu_accuracy=PASS
SUMMARY passed=80 threshold=0.00781250 max_mere=1.722e-06 max_mare=7.812e-03 max_diff=1.562e-02
LATENCY triton_geomean=138.446 us triton_min=76.725 us triton_max=723.574 us torch_geomean=214.298 us torch_min=130.098 us torch_max=3776.277 us speedup_vs_torch_geomean=1.547881x
LATENCY_TORCH_NPU timed_cases=80 accuracy_pass=58 accuracy_fail=22 accuracy_error=0 torch_npu_geomean=285.929 us torch_npu_min=26.471 us torch_npu_max=16184.127 us speedup_vs_torch_npu_timed_geomean=2.065268x speedup_vs_torch_npu_accuracy_pass_geomean=1.984192x
