date=2026-06-12 18:56:34 CST
ASCEND_RT_VISIBLE_DEVICES=7
ASCEND_VISIBLE_DEVICES=7
ASCEND_DEVICE_ID=0
/mnt/model/lcw/SLAI-Ascend-OpForge/.venv/bin/python3
Python 3.11.14
/usr/local/bin/npu-smi
+------------------------------------------------------------------------------------------------+
| npu-smi 25.5.2                   Version: 25.5.2                                               |
+---------------------------+---------------+----------------------------------------------------+
| NPU   Name                | Health        | Power(W)    Temp(C)           Hugepages-Usage(page)|
| Chip  Phy-ID              | Bus-Id        | AICore(%)   Memory-Usage(MB)  HBM-Usage(MB)        |
+===========================+===============+====================================================+
| 0     Ascend910           | OK            | 181.8       41                0    / 0             |
| 0     0                   | 0000:9D:00.0  | 0           0    / 0          3123 / 65536         |
+------------------------------------------------------------------------------------------------+
| 0     Ascend910           | OK            | -           41                0    / 0             |
| 1     1                   | 0000:9F:00.0  | 0           0    / 0          2887 / 65536         |
+===========================+===============+====================================================+
| 1     Ascend910           | OK            | 162.4       42                0    / 0             |
| 0     2                   | 0000:99:00.0  | 0           0    / 0          3123 / 65536         |
+------------------------------------------------------------------------------------------------+
| 1     Ascend910           | OK            | -           41                0    / 0             |
| 1     3                   | 0000:9B:00.0  | 0           0    / 0          2887 / 65536         |
+===========================+===============+====================================================+
| 2     Ascend910           | OK            | 170.2       43                0    / 0             |
| 0     4                   | 0000:95:00.0  | 0           0    / 0          3124 / 65536         |
+------------------------------------------------------------------------------------------------+
| 2     Ascend910           | OK            | -           45                0    / 0             |
| 1     5                   | 0000:97:00.0  | 0           0    / 0          2887 / 65536         |
+===========================+===============+====================================================+
| 3     Ascend910           | OK            | 174.3       43                0    / 0             |
| 0     6                   | 0000:91:00.0  | 0           0    / 0          3133 / 65536         |
+------------------------------------------------------------------------------------------------+
| 3     Ascend910           | OK            | -           43                0    / 0             |
| 1     7                   | 0000:93:00.0  | 0           0    / 0          2878 / 65536         |
+===========================+===============+====================================================+
| 4     Ascend910           | OK            | 170.4       43                0    / 0             |
| 0     8                   | 0000:8D:00.0  | 0           0    / 0          3102 / 65536         |
+------------------------------------------------------------------------------------------------+
| 4     Ascend910           | OK            | -           41                0    / 0             |
| 1     9                   | 0000:8F:00.0  | 0           0    / 0          2882 / 65536         |
+===========================+===============+====================================================+
| 5     Ascend910           | OK            | 168.5       41                0    / 0             |
| 0     10                  | 0000:89:00.0  | 0           0    / 0          3128 / 65536         |
+------------------------------------------------------------------------------------------------+
| 5     Ascend910           | OK            | -           41                0    / 0             |
| 1     11                  | 0000:8B:00.0  | 0           0    / 0          2877 / 65536         |
+===========================+===============+====================================================+
| 6     Ascend910           | OK            | 172.0       42                0    / 0             |
| 0     12                  | 0000:85:00.0  | 0           0    / 0          3119 / 65536         |
+------------------------------------------------------------------------------------------------+
| 6     Ascend910           | OK            | -           44                0    / 0             |
| 1     13                  | 0000:87:00.0  | 0           0    / 0          2888 / 65536         |
+===========================+===============+====================================================+
| 7     Ascend910           | OK            | 166.4       43                0    / 0             |
| 0     14                  | 0000:81:00.0  | 0           0    / 0          3127 / 65536         |
+------------------------------------------------------------------------------------------------+
| 7     Ascend910           | OK            | -           44                0    / 0             |
| 1     15                  | 0000:83:00.0  | 0           0    / 0          2876 / 65536         |
+===========================+===============+====================================================+
+---------------------------+---------------+----------------------------------------------------+
| NPU     Chip              | Process id    | Process name             | Process memory(MB)      |
+===========================+===============+====================================================+
| No running processes found in NPU 0                                                            |
+===========================+===============+====================================================+
| No running processes found in NPU 1                                                            |
+===========================+===============+====================================================+
| No running processes found in NPU 2                                                            |
+===========================+===============+====================================================+
| No running processes found in NPU 3                                                            |
+===========================+===============+====================================================+
| No running processes found in NPU 4                                                            |
+===========================+===============+====================================================+
| No running processes found in NPU 5                                                            |
+===========================+===============+====================================================+
| No running processes found in NPU 6                                                            |
+===========================+===============+====================================================+
| No running processes found in NPU 7                                                            |
+===========================+===============+====================================================+
torch 2.10.0+cpu
torch_npu 2.10.0
npu available True
npu device count 1
triton 3.2.0
